// Jest Snapshot v1, https://goo.gl/fbAQLP

exports[`should render Footer correctly 1`] = `
ShallowWrapper {
  Symbol(enzyme.__root__): [Circular],
  Symbol(enzyme.__unrendered__): <Footer />,
  Symbol(enzyme.__renderer__): Object {
    "batchedUpdates": [Function],
    "getNode": [Function],
    "render": [Function],
    "simulateError": [Function],
    "simulateEvent": [Function],
    "unmount": [Function],
  },
  Symbol(enzyme.__node__): Object {
    "instance": null,
    "key": undefined,
    "nodeType": "host",
    "props": Object {
      "children": <div
        className="container footer__container"
      >
        <div>
          <WithStyles(List)
            className="footer__list"
          >
            <WithStyles(ListItem)
              className="footer__item"
            >
              <Link
                className="footer__link"
                replace={false}
                to="/trainings"
              >
                Trainings
              </Link>
            </WithStyles(ListItem)>
            <WithStyles(ListItem)
              className="footer__item"
            >
              <Link
                className="footer__link"
                replace={false}
                to="/my-account"
              >
                Account
              </Link>
            </WithStyles(ListItem)>
          </WithStyles(List)>
        </div>
        <div>
          2018
        </div>
      </div>,
      "className": "footer",
    },
    "ref": null,
    "rendered": Object {
      "instance": null,
      "key": undefined,
      "nodeType": "host",
      "props": Object {
        "children": Array [
          <div>
            <WithStyles(List)
              className="footer__list"
            >
              <WithStyles(ListItem)
                className="footer__item"
              >
                <Link
                  className="footer__link"
                  replace={false}
                  to="/trainings"
                >
                  Trainings
                </Link>
              </WithStyles(ListItem)>
              <WithStyles(ListItem)
                className="footer__item"
              >
                <Link
                  className="footer__link"
                  replace={false}
                  to="/my-account"
                >
                  Account
                </Link>
              </WithStyles(ListItem)>
            </WithStyles(List)>
          </div>,
          <div>
            2018
          </div>,
        ],
        "className": "container footer__container",
      },
      "ref": null,
      "rendered": Array [
        Object {
          "instance": null,
          "key": undefined,
          "nodeType": "host",
          "props": Object {
            "children": <WithStyles(List)
              className="footer__list"
            >
              <WithStyles(ListItem)
                className="footer__item"
              >
                <Link
                  className="footer__link"
                  replace={false}
                  to="/trainings"
                >
                  Trainings
                </Link>
              </WithStyles(ListItem)>
              <WithStyles(ListItem)
                className="footer__item"
              >
                <Link
                  className="footer__link"
                  replace={false}
                  to="/my-account"
                >
                  Account
                </Link>
              </WithStyles(ListItem)>
            </WithStyles(List)>,
          },
          "ref": null,
          "rendered": Object {
            "instance": null,
            "key": undefined,
            "nodeType": "class",
            "props": Object {
              "children": Array [
                <WithStyles(ListItem)
                  className="footer__item"
                >
                  <Link
                    className="footer__link"
                    replace={false}
                    to="/trainings"
                  >
                    Trainings
                  </Link>
                </WithStyles(ListItem)>,
                <WithStyles(ListItem)
                  className="footer__item"
                >
                  <Link
                    className="footer__link"
                    replace={false}
                    to="/my-account"
                  >
                    Account
                  </Link>
                </WithStyles(ListItem)>,
              ],
              "className": "footer__list",
            },
            "ref": null,
            "rendered": Array [
              Object {
                "instance": null,
                "key": undefined,
                "nodeType": "class",
                "props": Object {
                  "children": <Link
                    className="footer__link"
                    replace={false}
                    to="/trainings"
                  >
                    Trainings
                  </Link>,
                  "className": "footer__item",
                },
                "ref": null,
                "rendered": Object {
                  "instance": null,
                  "key": undefined,
                  "nodeType": "class",
                  "props": Object {
                    "children": "Trainings",
                    "className": "footer__link",
                    "replace": false,
                    "to": "/trainings",
                  },
                  "ref": null,
                  "rendered": "Trainings",
                  "type": [Function],
                },
                "type": [Function],
              },
              Object {
                "instance": null,
                "key": undefined,
                "nodeType": "class",
                "props": Object {
                  "children": <Link
                    className="footer__link"
                    replace={false}
                    to="/my-account"
                  >
                    Account
                  </Link>,
                  "className": "footer__item",
                },
                "ref": null,
                "rendered": Object {
                  "instance": null,
                  "key": undefined,
                  "nodeType": "class",
                  "props": Object {
                    "children": "Account",
                    "className": "footer__link",
                    "replace": false,
                    "to": "/my-account",
                  },
                  "ref": null,
                  "rendered": "Account",
                  "type": [Function],
                },
                "type": [Function],
              },
            ],
            "type": [Function],
          },
          "type": "div",
        },
        Object {
          "instance": null,
          "key": undefined,
          "nodeType": "host",
          "props": Object {
            "children": "2018",
          },
          "ref": null,
          "rendered": "2018",
          "type": "div",
        },
      ],
      "type": "div",
    },
    "type": "footer",
  },
  Symbol(enzyme.__nodes__): Array [
    Object {
      "instance": null,
      "key": undefined,
      "nodeType": "host",
      "props": Object {
        "children": <div
          className="container footer__container"
        >
          <div>
            <WithStyles(List)
              className="footer__list"
            >
              <WithStyles(ListItem)
                className="footer__item"
              >
                <Link
                  className="footer__link"
                  replace={false}
                  to="/trainings"
                >
                  Trainings
                </Link>
              </WithStyles(ListItem)>
              <WithStyles(ListItem)
                className="footer__item"
              >
                <Link
                  className="footer__link"
                  replace={false}
                  to="/my-account"
                >
                  Account
                </Link>
              </WithStyles(ListItem)>
            </WithStyles(List)>
          </div>
          <div>
            2018
          </div>
        </div>,
        "className": "footer",
      },
      "ref": null,
      "rendered": Object {
        "instance": null,
        "key": undefined,
        "nodeType": "host",
        "props": Object {
          "children": Array [
            <div>
              <WithStyles(List)
                className="footer__list"
              >
                <WithStyles(ListItem)
                  className="footer__item"
                >
                  <Link
                    className="footer__link"
                    replace={false}
                    to="/trainings"
                  >
                    Trainings
                  </Link>
                </WithStyles(ListItem)>
                <WithStyles(ListItem)
                  className="footer__item"
                >
                  <Link
                    className="footer__link"
                    replace={false}
                    to="/my-account"
                  >
                    Account
                  </Link>
                </WithStyles(ListItem)>
              </WithStyles(List)>
            </div>,
            <div>
              2018
            </div>,
          ],
          "className": "container footer__container",
        },
        "ref": null,
        "rendered": Array [
          Object {
            "instance": null,
            "key": undefined,
            "nodeType": "host",
            "props": Object {
              "children": <WithStyles(List)
                className="footer__list"
              >
                <WithStyles(ListItem)
                  className="footer__item"
                >
                  <Link
                    className="footer__link"
                    replace={false}
                    to="/trainings"
                  >
                    Trainings
                  </Link>
                </WithStyles(ListItem)>
                <WithStyles(ListItem)
                  className="footer__item"
                >
                  <Link
                    className="footer__link"
                    replace={false}
                    to="/my-account"
                  >
                    Account
                  </Link>
                </WithStyles(ListItem)>
              </WithStyles(List)>,
            },
            "ref": null,
            "rendered": Object {
              "instance": null,
              "key": undefined,
              "nodeType": "class",
              "props": Object {
                "children": Array [
                  <WithStyles(ListItem)
                    className="footer__item"
                  >
                    <Link
                      className="footer__link"
                      replace={false}
                      to="/trainings"
                    >
                      Trainings
                    </Link>
                  </WithStyles(ListItem)>,
                  <WithStyles(ListItem)
                    className="footer__item"
                  >
                    <Link
                      className="footer__link"
                      replace={false}
                      to="/my-account"
                    >
                      Account
                    </Link>
                  </WithStyles(ListItem)>,
                ],
                "className": "footer__list",
              },
              "ref": null,
              "rendered": Array [
                Object {
                  "instance": null,
                  "key": undefined,
                  "nodeType": "class",
                  "props": Object {
                    "children": <Link
                      className="footer__link"
                      replace={false}
                      to="/trainings"
                    >
                      Trainings
                    </Link>,
                    "className": "footer__item",
                  },
                  "ref": null,
                  "rendered": Object {
                    "instance": null,
                    "key": undefined,
                    "nodeType": "class",
                    "props": Object {
                      "children": "Trainings",
                      "className": "footer__link",
                      "replace": false,
                      "to": "/trainings",
                    },
                    "ref": null,
                    "rendered": "Trainings",
                    "type": [Function],
                  },
                  "type": [Function],
                },
                Object {
                  "instance": null,
                  "key": undefined,
                  "nodeType": "class",
                  "props": Object {
                    "children": <Link
                      className="footer__link"
                      replace={false}
                      to="/my-account"
                    >
                      Account
                    </Link>,
                    "className": "footer__item",
                  },
                  "ref": null,
                  "rendered": Object {
                    "instance": null,
                    "key": undefined,
                    "nodeType": "class",
                    "props": Object {
                      "children": "Account",
                      "className": "footer__link",
                      "replace": false,
                      "to": "/my-account",
                    },
                    "ref": null,
                    "rendered": "Account",
                    "type": [Function],
                  },
                  "type": [Function],
                },
              ],
              "type": [Function],
            },
            "type": "div",
          },
          Object {
            "instance": null,
            "key": undefined,
            "nodeType": "host",
            "props": Object {
              "children": "2018",
            },
            "ref": null,
            "rendered": "2018",
            "type": "div",
          },
        ],
        "type": "div",
      },
      "type": "footer",
    },
  ],
  Symbol(enzyme.__options__): Object {
    "adapter": ReactSixteenAdapter {
      "options": Object {
        "enableComponentDidUpdateOnSetState": true,
        "lifecycles": Object {
          "componentDidUpdate": Object {
            "onSetState": true,
          },
          "getDerivedStateFromProps": true,
          "getSnapshotBeforeUpdate": true,
          "setState": Object {
            "skipsComponentDidUpdateOnNullish": true,
          },
        },
      },
    },
  },
}
`;
